<?php return array (
  0 => 'Symfony\\Bundle\\FrameworkBundle\\Controller\\AbstractController',
  1 => 'App\\Controller\\Admin\\AboutCrudController',
  2 => 'App\\Controller\\Admin\\AdminController',
  3 => 'App\\Controller\\Admin\\BillCrudController',
  4 => 'App\\Controller\\Admin\\BillStatusCrudController',
  5 => 'App\\Controller\\Admin\\BillingMethodCrudController',
  6 => 'App\\Controller\\Admin\\BusinessTypeCrudController',
  7 => 'App\\Controller\\Admin\\ContactCrudController',
  8 => 'App\\Controller\\Admin\\CustomerCrudController',
  9 => 'App\\Controller\\Admin\\DataProtectionPolicyCrudController',
  10 => 'App\\Controller\\Admin\\DiligenceCrudController',
  11 => 'App\\Controller\\Admin\\ExpertiseCrudController',
  12 => 'App\\Controller\\Admin\\FolderCrudController',
  13 => 'App\\Controller\\Admin\\FooterCrudController',
  14 => 'App\\Controller\\Admin\\LegalMentionCrudController',
  15 => 'App\\Controller\\Admin\\NewsCategoryCrudController',
  16 => 'App\\Controller\\Admin\\NewsCrudController',
  17 => 'App\\Controller\\Admin\\OwnerCrudController',
  18 => 'App\\Controller\\Admin\\PaymentTermsCrudController',
  19 => 'App\\Controller\\Admin\\PresetDiligenceCrudController',
  20 => 'App\\Controller\\Admin\\RateCrudController',
  21 => 'App\\Controller\\Admin\\SubFolderCrudController',
  22 => 'App\\Controller\\Admin\\UploadBackgroundCrudController',
  23 => 'App\\Controller\\Admin\\UploadCarrouselCrudController',
  24 => 'App\\Controller\\DefaultController',
  25 => 'App\\Controller\\FooterController',
  26 => 'App\\Controller\\InvoiceController',
  27 => 'App\\Controller\\ResetPasswordController',
  28 => 'App\\Controller\\SecurityController',
  29 => 'App\\Controller\\SitemapController',
  30 => 'App\\Entity\\About',
  31 => 'App\\Entity\\Admin',
  32 => 'App\\Entity\\Bill',
  33 => 'App\\Entity\\BillStatus',
  34 => 'App\\Entity\\BillingMethod',
  35 => 'App\\Entity\\BusinessType',
  36 => 'App\\Entity\\Contact',
  37 => 'App\\Entity\\Customer',
  38 => 'App\\Entity\\DataProtectionPolicy',
  39 => 'App\\Entity\\Diligence',
  40 => 'App\\Entity\\Expertise',
  41 => 'App\\Entity\\Folder',
  42 => 'App\\Entity\\Footer',
  43 => 'App\\Entity\\LegalMention',
  44 => 'App\\Entity\\News',
  45 => 'App\\Entity\\NewsCategory',
  46 => 'App\\Entity\\Owner',
  47 => 'App\\Entity\\PaymentTerms',
  48 => 'App\\Entity\\PresetDiligence',
  49 => 'App\\Entity\\Rate',
  50 => 'App\\Entity\\ResetPasswordRequest',
  51 => 'App\\Entity\\SubFolder',
  52 => 'App\\Entity\\UploadBackground',
  53 => 'App\\Entity\\UploadCarrousel',
  54 => 'Doctrine\\Bundle\\DoctrineBundle\\Controller\\ProfilerController',
  55 => 'Doctrine\\ORM\\Cache\\Persister\\Entity\\AbstractEntityPersister',
  56 => 'Doctrine\\ORM\\Cache\\Persister\\Entity\\CachedEntityPersister',
  57 => 'Doctrine\\ORM\\Cache\\Persister\\Entity\\NonStrictReadWriteCachedEntityPersister',
  58 => 'Doctrine\\ORM\\Cache\\Persister\\Entity\\ReadOnlyCachedEntityPersister',
  59 => 'Doctrine\\ORM\\Cache\\Persister\\Entity\\ReadWriteCachedEntityPersister',
  60 => 'Doctrine\\ORM\\Persisters\\Entity\\AbstractEntityInheritancePersister',
  61 => 'Doctrine\\ORM\\Persisters\\Entity\\BasicEntityPersister',
  62 => 'Doctrine\\ORM\\Persisters\\Entity\\CachedPersisterContext',
  63 => 'Doctrine\\ORM\\Persisters\\Entity\\EntityPersister',
  64 => 'Doctrine\\ORM\\Persisters\\Entity\\JoinedSubclassPersister',
  65 => 'Doctrine\\ORM\\Persisters\\Entity\\SingleTablePersister',
  66 => 'EasyCorp\\Bundle\\EasyAdminBundle\\Contracts\\Controller\\CrudControllerInterface',
  67 => 'EasyCorp\\Bundle\\EasyAdminBundle\\Contracts\\Controller\\DashboardControllerInterface',
  68 => 'EasyCorp\\Bundle\\EasyAdminBundle\\Controller\\AbstractCrudController',
  69 => 'EasyCorp\\Bundle\\EasyAdminBundle\\Controller\\AbstractDashboardController',
  70 => 'EasyCorp\\Bundle\\EasyAdminBundle\\Controller\\EasyAdminController',
  71 => 'SymfonyCasts\\Bundle\\ResetPassword\\Controller\\ResetPasswordControllerTrait',
  73 => 'Symfony\\Bundle\\FrameworkBundle\\Controller\\ControllerResolver',
  74 => 'Symfony\\Bundle\\FrameworkBundle\\Controller\\RedirectController',
  75 => 'Symfony\\Bundle\\FrameworkBundle\\Controller\\TemplateController',
  76 => 'Symfony\\Bundle\\WebProfilerBundle\\Controller\\ExceptionPanelController',
  77 => 'Symfony\\Bundle\\WebProfilerBundle\\Controller\\ProfilerController',
  78 => 'Symfony\\Bundle\\WebProfilerBundle\\Controller\\RouterController',
  79 => 'Symfony\\Component\\HttpKernel\\Controller\\ArgumentResolver',
  80 => 'Symfony\\Component\\HttpKernel\\Controller\\ArgumentResolverInterface',
  81 => 'Symfony\\Component\\HttpKernel\\Controller\\ArgumentResolver\\DefaultValueResolver',
  82 => 'Symfony\\Component\\HttpKernel\\Controller\\ArgumentResolver\\NotTaggedControllerValueResolver',
  83 => 'Symfony\\Component\\HttpKernel\\Controller\\ArgumentResolver\\RequestAttributeValueResolver',
  84 => 'Symfony\\Component\\HttpKernel\\Controller\\ArgumentResolver\\RequestValueResolver',
  85 => 'Symfony\\Component\\HttpKernel\\Controller\\ArgumentResolver\\ServiceValueResolver',
  86 => 'Symfony\\Component\\HttpKernel\\Controller\\ArgumentResolver\\SessionValueResolver',
  87 => 'Symfony\\Component\\HttpKernel\\Controller\\ArgumentResolver\\TraceableValueResolver',
  88 => 'Symfony\\Component\\HttpKernel\\Controller\\ArgumentResolver\\VariadicValueResolver',
  89 => 'Symfony\\Component\\HttpKernel\\Controller\\ArgumentValueResolverInterface',
  90 => 'Symfony\\Component\\HttpKernel\\Controller\\ContainerControllerResolver',
  91 => 'Symfony\\Component\\HttpKernel\\Controller\\ControllerReference',
  92 => 'Symfony\\Component\\HttpKernel\\Controller\\ControllerResolver',
  93 => 'Symfony\\Component\\HttpKernel\\Controller\\ControllerResolverInterface',
  94 => 'Symfony\\Component\\HttpKernel\\Controller\\ErrorController',
  95 => 'Symfony\\Component\\HttpKernel\\Controller\\TraceableArgumentResolver',
  96 => 'Symfony\\Component\\HttpKernel\\Controller\\TraceableControllerResolver',
  97 => 'Symfony\\Component\\Security\\Http\\Controller\\UserValueResolver',
  98 => 'Vich\\UploaderBundle\\Entity\\File',
);